2026-03-26 22:26:13,070 [INFO] Starting Local Lead-Generation App...
2026-03-26 22:26:13,073 [INFO] Database initialized at leads.db
2026-03-26 22:26:13,073 [INFO] Phase 1: Running Google Dorking queries...
2026-03-26 22:26:13,073 [INFO] Searching Google for: site:linktr.ee "author" "@gmail.com"
2026-03-26 22:26:13,244 [INFO] Found 0 URLs for query: site:linktr.ee "author" "@gmail.com"
2026-03-26 22:26:13,244 [INFO] Sleeping for 39.11 seconds to mimic human behavior...
2026-03-27 04:00:52,126 [INFO] Starting Local Lead-Generation App...
2026-03-27 04:00:52,134 [INFO] Database initialized at leads.db
2026-03-27 04:00:52,135 [INFO] Phase 1: Running Google Dorking queries...
2026-03-27 04:00:52,136 [INFO] Searching Google for: site:linktr.ee "author" "@gmail.com"
2026-03-27 04:00:52,377 [INFO] Found 0 URLs for query: site:linktr.ee "author" "@gmail.com"
2026-03-27 04:00:52,378 [INFO] Sleeping for 52.22 seconds to mimic human behavior...
2026-03-27 04:01:12,541 [INFO] 
Gracefully shutting down. Saving current progress...
2026-03-27 04:26:56,094 [INFO] Database initialized at /tmp/narrate_probe_smoke.db
2026-03-27 04:28:16,659 [INFO] Starting Adaptive Lead-Generation App...
2026-03-27 04:28:16,664 [INFO] Database initialized at leads.db
2026-03-27 04:28:16,665 [INFO] Phase 1: Probe Mode
2026-03-27 04:28:16,665 [INFO] Probe 1: testing source linktree_authors on linktr.ee
2026-03-27 04:28:16,665 [INFO] Searching Google for: site:linktr.ee "author" "@gmail.com"
2026-03-27 04:28:16,836 [INFO] Found 0 URLs for query: site:linktr.ee "author" "@gmail.com"
2026-03-27 04:28:16,839 [INFO] Sleeping for 6.99 seconds to mimic human behavior...
2026-03-27 04:28:23,834 [INFO] Searching Google for: site:linktr.ee "writer" "contact"
2026-03-27 04:28:23,918 [INFO] Found 0 URLs for query: site:linktr.ee "writer" "contact"
2026-03-27 04:28:23,920 [INFO] Sleeping for 11.52 seconds to mimic human behavior...
2026-03-27 04:28:35,448 [INFO] Probe 2: testing source substack_authors on substack.com
2026-03-27 04:28:35,450 [INFO] Searching Google for: site:substack.com "web novel" "@gmail.com"
2026-03-27 04:28:35,530 [INFO] Found 0 URLs for query: site:substack.com "web novel" "@gmail.com"
2026-03-27 04:28:35,538 [INFO] Sleeping for 7.03 seconds to mimic human behavior...
2026-03-27 04:28:42,573 [INFO] Searching Google for: site:substack.com "author" "contact"
2026-03-27 04:28:42,662 [INFO] Found 0 URLs for query: site:substack.com "author" "contact"
2026-03-27 04:28:42,673 [INFO] Sleeping for 9.35 seconds to mimic human behavior...
2026-03-27 04:28:52,031 [INFO] Probe 3: testing source wattpad_authors on wattpad.com
2026-03-27 04:28:52,033 [INFO] Searching Google for: site:wattpad.com "author" "@gmail.com"
2026-03-27 04:28:52,097 [INFO] Found 0 URLs for query: site:wattpad.com "author" "@gmail.com"
2026-03-27 04:28:52,100 [INFO] Sleeping for 11.67 seconds to mimic human behavior...
2026-03-27 04:29:03,777 [INFO] Searching Google for: site:wattpad.com "writer" "contact"
2026-03-27 04:29:03,848 [INFO] Found 0 URLs for query: site:wattpad.com "writer" "contact"
2026-03-27 04:29:03,851 [INFO] Sleeping for 17.19 seconds to mimic human behavior...
2026-03-27 04:29:21,044 [INFO] Probe 4: testing source royalroad_authors on royalroad.com
2026-03-27 04:29:21,046 [INFO] Searching Google for: site:royalroad.com "author" "@gmail.com"
2026-03-27 04:29:21,123 [INFO] Found 0 URLs for query: site:royalroad.com "author" "@gmail.com"
2026-03-27 04:29:21,127 [INFO] Sleeping for 13.80 seconds to mimic human behavior...
2026-03-27 04:29:34,933 [INFO] Searching Google for: site:royalroad.com "novel" "contact"
2026-03-27 04:29:35,006 [INFO] Found 0 URLs for query: site:royalroad.com "novel" "contact"
2026-03-27 04:29:35,016 [INFO] Sleeping for 17.06 seconds to mimic human behavior...
2026-03-27 04:29:52,079 [INFO] Probe 5: testing source twitter_indie_authors on twitter.com
2026-03-27 04:29:52,080 [INFO] Searching Google for: site:twitter.com "independent author" "@gmail.com"
2026-03-27 04:29:52,154 [INFO] Found 0 URLs for query: site:twitter.com "independent author" "@gmail.com"
2026-03-27 04:29:52,158 [INFO] Sleeping for 9.28 seconds to mimic human behavior...
2026-03-27 04:30:01,442 [INFO] Searching Google for: site:twitter.com "writer" "contact"
2026-03-27 04:30:01,532 [INFO] Found 0 URLs for query: site:twitter.com "writer" "contact"
2026-03-27 04:30:01,536 [INFO] Sleeping for 15.89 seconds to mimic human behavior...
2026-03-27 04:30:17,433 [INFO] Probe 6: testing source medium_writers on medium.com
2026-03-27 04:30:17,435 [INFO] Searching Google for: site:medium.com "writer" "@gmail.com"
2026-03-27 04:30:17,514 [INFO] Found 0 URLs for query: site:medium.com "writer" "@gmail.com"
2026-03-27 04:30:17,516 [INFO] Sleeping for 8.78 seconds to mimic human behavior...
2026-03-27 04:30:26,306 [INFO] Searching Google for: site:medium.com "author" "contact"
2026-03-27 04:30:26,379 [INFO] Found 0 URLs for query: site:medium.com "author" "contact"
2026-03-27 04:30:26,383 [INFO] Sleeping for 11.81 seconds to mimic human behavior...
2026-03-27 04:30:27,726 [INFO] 
Gracefully shutting down. Saving current progress...
2026-03-27 04:39:39,189 [INFO] Searching for query: test query
2026-03-27 04:39:39,191 [INFO] Found 1 URLs for query: test query (backend=duckduckgo, status=ok_duckduckgo_fallback)
2026-03-27 04:39:39,191 [INFO] Searching for query: test query
2026-03-27 04:39:39,192 [INFO] Found 0 URLs for query: test query (backend=google, status=search_unhealthy)
2026-03-27 04:40:41,895 [INFO] Probe 1: testing source test_source on example.com
2026-03-27 04:40:41,896 [INFO] Sleeping for 11.65 seconds to mimic human behavior...
2026-03-27 04:42:12,615 [INFO] Starting Adaptive Lead-Generation App...
2026-03-27 04:42:12,618 [INFO] Database initialized at leads.db
2026-03-27 04:42:12,619 [INFO] Phase 1: Probe Mode
2026-03-27 04:42:12,619 [INFO] Probe 1: testing source linktree_authors on linktr.ee
2026-03-27 04:42:12,619 [INFO] Searching for query: site:linktr.ee "author" "@gmail.com"
2026-03-27 04:42:13,288 [WARNING] Request to https://www.google.com/search?q=site%3Alinktr.ee%20%22author%22%20%22%40gmail.com%22&num=3 was blocked with status 429; returning control to caller without backoff.
2026-03-27 04:42:13,890 [INFO] Found 0 URLs for query: site:linktr.ee "author" "@gmail.com" (backend=google, status=search_unhealthy)
2026-03-27 04:42:13,893 [INFO] Sleeping for 11.87 seconds to mimic human behavior...
2026-03-27 04:42:25,764 [INFO] Probe 2: testing source substack_authors on substack.com
2026-03-27 04:42:25,766 [INFO] Searching for query: site:substack.com "web novel" "@gmail.com"
2026-03-27 04:42:26,180 [WARNING] Request to https://www.google.com/search?q=site%3Asubstack.com%20%22web%20novel%22%20%22%40gmail.com%22&num=3 was blocked with status 429; returning control to caller without backoff.
2026-03-27 04:42:26,255 [ERROR] Request to https://html.duckduckgo.com/html/?q=site%3Asubstack.com%20%22web%20novel%22%20%22%40gmail.com%22 failed with status code 202
2026-03-27 04:42:26,255 [INFO] Found 0 URLs for query: site:substack.com "web novel" "@gmail.com" (backend=google, status=search_unhealthy)
2026-03-27 04:42:26,256 [INFO] Sleeping for 15.59 seconds to mimic human behavior...
2026-03-27 04:42:41,850 [INFO] Probe 3: testing source wattpad_authors on wattpad.com
2026-03-27 04:42:41,851 [INFO] Searching for query: site:wattpad.com "author" "@gmail.com"
2026-03-27 04:42:42,253 [WARNING] Request to https://www.google.com/search?q=site%3Awattpad.com%20%22author%22%20%22%40gmail.com%22&num=3 was blocked with status 429; returning control to caller without backoff.
2026-03-27 04:42:42,325 [ERROR] Request to https://html.duckduckgo.com/html/?q=site%3Awattpad.com%20%22author%22%20%22%40gmail.com%22 failed with status code 202
2026-03-27 04:42:42,325 [INFO] Found 0 URLs for query: site:wattpad.com "author" "@gmail.com" (backend=google, status=search_unhealthy)
2026-03-27 04:42:42,325 [INFO] Sleeping for 10.04 seconds to mimic human behavior...
2026-03-27 04:42:52,371 [INFO] Probe 4: testing source royalroad_authors on royalroad.com
2026-03-27 04:42:52,372 [INFO] Searching for query: site:royalroad.com "author" "@gmail.com"
2026-03-27 04:42:53,021 [WARNING] Request to https://www.google.com/search?q=site%3Aroyalroad.com%20%22author%22%20%22%40gmail.com%22&num=3 was blocked with status 429; returning control to caller without backoff.
2026-03-27 04:42:53,605 [INFO] Found 3 URLs for query: site:royalroad.com "author" "@gmail.com" (backend=duckduckgo, status=ok_duckduckgo_fallback)
2026-03-27 04:42:53,605 [INFO] Analyzing page: https://www.royalroad.com/profile/85974
2026-03-27 04:42:53,834 [INFO] Sleeping for 6.01 seconds to mimic human behavior...
2026-03-27 04:42:59,848 [INFO] Analyzing page: https://www.royalroad.com/fiction/16550/the-true-endgame
2026-03-27 04:43:00,059 [INFO] Sleeping for 10.96 seconds to mimic human behavior...
2026-03-27 04:43:11,026 [INFO] Probe 5: testing source twitter_indie_authors on twitter.com
2026-03-27 04:43:11,029 [INFO] Searching for query: site:twitter.com "independent author" "@gmail.com"
2026-03-27 04:43:11,646 [WARNING] Request to https://www.google.com/search?q=site%3Atwitter.com%20%22independent%20author%22%20%22%40gmail.com%22&num=3 was blocked with status 429; returning control to caller without backoff.
2026-03-27 04:43:11,724 [ERROR] Request to https://html.duckduckgo.com/html/?q=site%3Atwitter.com%20%22independent%20author%22%20%22%40gmail.com%22 failed with status code 202
2026-03-27 04:43:11,724 [INFO] Found 0 URLs for query: site:twitter.com "independent author" "@gmail.com" (backend=google, status=search_unhealthy)
2026-03-27 04:43:11,725 [INFO] Sleeping for 13.85 seconds to mimic human behavior...
2026-03-27 04:43:25,577 [INFO] Probe 6: testing source medium_writers on medium.com
2026-03-27 04:43:25,578 [INFO] Searching for query: site:medium.com "writer" "@gmail.com"
2026-03-27 04:43:26,058 [WARNING] Request to https://www.google.com/search?q=site%3Amedium.com%20%22writer%22%20%22%40gmail.com%22&num=3 was blocked with status 429; returning control to caller without backoff.
2026-03-27 04:43:26,174 [ERROR] Request to https://html.duckduckgo.com/html/?q=site%3Amedium.com%20%22writer%22%20%22%40gmail.com%22 failed with status code 202
2026-03-27 04:43:26,175 [INFO] Found 0 URLs for query: site:medium.com "writer" "@gmail.com" (backend=google, status=search_unhealthy)
2026-03-27 04:43:26,176 [INFO] Sleeping for 13.85 seconds to mimic human behavior...
2026-03-27 04:43:40,031 [INFO] Probe 7: testing source linkedin_publishers on linkedin.com
2026-03-27 04:43:40,032 [INFO] Searching for query: site:linkedin.com "small publisher" "@gmail.com"
2026-03-27 04:43:40,482 [WARNING] Request to https://www.google.com/search?q=site%3Alinkedin.com%20%22small%20publisher%22%20%22%40gmail.com%22&num=3 was blocked with status 429; returning control to caller without backoff.
2026-03-27 04:43:40,555 [ERROR] Request to https://html.duckduckgo.com/html/?q=site%3Alinkedin.com%20%22small%20publisher%22%20%22%40gmail.com%22 failed with status code 202
2026-03-27 04:43:40,555 [INFO] Found 0 URLs for query: site:linkedin.com "small publisher" "@gmail.com" (backend=google, status=search_unhealthy)
2026-03-27 04:43:40,556 [INFO] Probe complete. Top source: royalroad_authors (score=1.4831, budget=0).
2026-03-27 04:43:40,556 [INFO] Run complete. Added 0 new leads. Processed 0 URLs.
2026-03-27 05:02:17,982 [INFO] Searching for query: site:example.com author
2026-03-27 05:02:17,982 [INFO] Analyzing page: https://example.com/story
2026-03-27 05:02:17,983 [INFO] Found 2 URLs for query: site:example.com author (backend=duckduckgo, status=ok_duckduckgo_fallback)
2026-03-27 05:03:50,549 [INFO] Starting Adaptive Lead-Generation App...
2026-03-27 05:03:50,553 [INFO] Database initialized at leads.db
2026-03-27 05:03:50,554 [INFO] Phase 1: Probe Mode
2026-03-27 05:03:50,554 [INFO] Probe 1: testing source linktree_authors on linktr.ee
2026-03-27 05:03:50,554 [INFO] Searching for query: site:linktr.ee ("author" OR "writer" OR "novelist")
2026-03-27 05:03:51,547 [WARNING] Request to https://www.google.com/search?q=site%3Alinktr.ee%20%28%22author%22%20OR%20%22writer%22%20OR%20%22novelist%22%29&num=3 was blocked with status 429; returning control to caller without backoff.
2026-03-27 05:03:53,024 [INFO] Found 0 URLs for query: site:linktr.ee ("author" OR "writer" OR "novelist") (backend=bing, status=search_unhealthy)
2026-03-27 05:03:53,025 [INFO] Sleeping for 12.03 seconds to mimic human behavior...
2026-03-27 05:04:05,071 [INFO] Probe 2: testing source substack_authors on substack.com
2026-03-27 05:04:05,082 [INFO] Searching for query: site:substack.com ("author" OR "novel" OR "fiction")
2026-03-27 05:04:05,699 [INFO] Found 0 URLs for query: site:substack.com ("author" OR "novel" OR "fiction") (backend=bing, status=search_unhealthy)
2026-03-27 05:04:05,700 [INFO] Sleeping for 15.55 seconds to mimic human behavior...
2026-03-27 05:04:21,379 [INFO] Probe 3: testing source wattpad_authors on wattpad.com
2026-03-27 05:04:21,568 [INFO] Searching for query: site:wattpad.com ("author" OR "writer" OR "fiction")
2026-03-27 05:04:22,355 [INFO] Found 0 URLs for query: site:wattpad.com ("author" OR "writer" OR "fiction") (backend=bing, status=search_unhealthy)
2026-03-27 05:04:22,355 [INFO] Sleeping for 15.38 seconds to mimic human behavior...
2026-03-27 05:04:37,748 [INFO] Probe 4: testing source royalroad_authors on royalroad.com
2026-03-27 05:04:37,761 [INFO] Searching for query: site:royalroad.com ("author" OR "fiction" OR "writer")
2026-03-27 05:04:38,203 [INFO] Found 0 URLs for query: site:royalroad.com ("author" OR "fiction" OR "writer") (backend=bing, status=search_unhealthy)
2026-03-27 05:04:38,203 [INFO] Sleeping for 11.45 seconds to mimic human behavior...
2026-03-27 05:04:49,747 [INFO] Probe 5: testing source wordpress_authors on wordpress.com
2026-03-27 05:04:49,837 [INFO] Searching for query: site:wordpress.com ("author" OR "writer" OR "novel")
2026-03-27 05:04:50,748 [INFO] Found 0 URLs for query: site:wordpress.com ("author" OR "writer" OR "novel") (backend=bing, status=search_unhealthy)
2026-03-27 05:04:50,748 [INFO] Sleeping for 10.86 seconds to mimic human behavior...
2026-03-27 05:05:01,619 [INFO] Probe 6: testing source medium_writers on medium.com
2026-03-27 05:05:01,643 [INFO] Searching for query: site:medium.com ("writer" OR "author" OR "novel")
2026-03-27 05:05:02,334 [INFO] Found 0 URLs for query: site:medium.com ("writer" OR "author" OR "novel") (backend=bing, status=search_unhealthy)
2026-03-27 05:05:02,334 [INFO] Sleeping for 12.04 seconds to mimic human behavior...
2026-03-27 05:05:14,457 [INFO] Probe 7: testing source linkedin_publishers on linkedin.com
2026-03-27 05:05:14,548 [INFO] Searching for query: site:linkedin.com ("publisher" OR "publishing" OR "imprint")
2026-03-27 05:05:15,545 [INFO] Found 0 URLs for query: site:linkedin.com ("publisher" OR "publishing" OR "imprint") (backend=bing, status=search_unhealthy)
2026-03-27 05:05:15,556 [INFO] Run complete. Added 0 new leads. Processed 0 URLs.
